{
    "id": 3,
    "type": 1,
    "is_translatable": true,
    "main_locale": "en",
    "always_available": true,
    "available_locales": [
        "en",
        "hr"
    ]
}
