{
    "id": 7,
    "collection_id": 3,
    "position": 2,
    "visible": true,
    "value": 72,
    "value_type": "my_value_type",
    "name": "Value with ID #72",
    "cms_visible": true,
    "cms_url": "/value/72/some/url",
    "config": []
}
