[
    {
        "id": 5,
        "type": "4_zones_b",
        "published": true,
        "has_archived_state": false,
        "has_published_state": true,
        "created_at": "@string@.isDateTime()",
        "updated_at": "@string@.isDateTime()",
        "archive_created_at": null,
        "archive_updated_at": null,
        "shared": true,
        "name": "My fifth layout",
        "description": "My fifth layout description",
        "main_locale": "en",
        "available_locales": {
            "en": "English"
        },
        "zones": [
            {
                "identifier": "bottom",
                "name": "Bottom",
                "block_ids": [],
                "allowed_block_definitions": true,
                "linked_layout_id": null,
                "linked_zone_identifier": null
            },
            {
                "identifier": "left",
                "name": "Left",
                "block_ids": [],
                "allowed_block_definitions": true,
                "linked_layout_id": null,
                "linked_zone_identifier": null
            },
            {
                "identifier": "right",
                "name": "Right",
                "block_ids": [],
                "allowed_block_definitions": true,
                "linked_layout_id": null,
                "linked_zone_identifier": null
            },
            {
                "identifier": "top",
                "name": "Top",
                "block_ids": [],
                "allowed_block_definitions": true,
                "linked_layout_id": null,
                "linked_zone_identifier": null
            }
        ]
    },
    {
        "id": 3,
        "type": "4_zones_b",
        "published": true,
        "has_archived_state": false,
        "has_published_state": true,
        "created_at": "@string@.isDateTime()",
        "updated_at": "@string@.isDateTime()",
        "archive_created_at": null,
        "archive_updated_at": null,
        "shared": true,
        "name": "My third layout",
        "description": "My third layout description",
        "main_locale": "en",
        "available_locales": {
            "en": "English"
        },
        "zones": [
            {
                "identifier": "bottom",
                "name": "Bottom",
                "block_ids": [],
                "allowed_block_definitions": true,
                "linked_layout_id": null,
                "linked_zone_identifier": null
            },
            {
                "identifier": "left",
                "name": "Left",
                "block_ids": [],
                "allowed_block_definitions": true,
                "linked_layout_id": null,
                "linked_zone_identifier": null
            },
            {
                "identifier": "right",
                "name": "Right",
                "block_ids": [],
                "allowed_block_definitions": true,
                "linked_layout_id": null,
                "linked_zone_identifier": null
            },
            {
                "identifier": "top",
                "name": "Top",
                "block_ids": [],
                "allowed_block_definitions": true,
                "linked_layout_id": null,
                "linked_zone_identifier": null
            }
        ]
    }
]
