{
    "id": "@uuid@",
    "collection_id": "a79dde13-1f5c-51a6-bea9-b766236be49e",
    "position": 42,
    "view_type": null,
    "published": false,
    "empty": true
}
