{
    "id": 31,
    "layout_id": 1,
    "definition_identifier": "list",
    "name": "My published block",
    "parent_position": 0,
    "parameters": {
        "number_of_columns": 3,
        "paged_collections:enabled": null,
        "paged_collections:type": null,
        "paged_collections:max_pages": null,
        "paged_collections:ajax_first": null,
        "css_class": null,
        "css_id": null,
        "set_container": null
    },
    "view_type": "grid",
    "item_view_type": "standard_with_intro",
    "published": false,
    "has_published_state": true,
    "locale": "en",
    "is_translatable": true,
    "always_available": true,
    "is_container": false,
    "placeholders": [],
    "collections": [
        {
            "identifier": "default",
            "collection_id": 2,
            "collection_type": 1,
            "offset": 0,
            "limit": null
        },
        {
            "identifier": "featured",
            "collection_id": 3,
            "collection_type": 1,
            "offset": 4,
            "limit": 2
        }
    ],
    "config": []
}
