{
    "items": [
        {
            "id": null,
            "collection_id": null,
            "visible": true,
            "is_dynamic": true,
            "cms_url": "/value/140/some/url",
            "cms_visible": true,
            "value": 140,
            "value_type": "my_value_type",
            "name": "Value with ID #140",
            "config": [],
            "position": 0
        },
        {
            "id": null,
            "collection_id": null,
            "visible": true,
            "is_dynamic": true,
            "cms_url": "/value/79/some/url",
            "cms_visible": true,
            "value": 79,
            "value_type": "my_value_type",
            "name": "Value with ID #79",
            "config": [],
            "position": 1
        },
        {
            "id": 10,
            "collection_id": 4,
            "visible": true,
            "is_dynamic": false,
            "cms_url": "/value/72/some/url",
            "cms_visible": true,
            "value": 72,
            "value_type": "my_value_type",
            "name": "Value with ID #72",
            "config": [],
            "position": 2
        },
        {
            "id": 11,
            "collection_id": 4,
            "visible": true,
            "is_dynamic": false,
            "cms_url": "/value/73/some/url",
            "cms_visible": true,
            "value": 73,
            "value_type": "my_value_type",
            "name": "Value with ID #73",
            "config": [],
            "position": 3
        },
        {
            "id": null,
            "collection_id": null,
            "visible": true,
            "is_dynamic": true,
            "cms_url": "/value/78/some/url",
            "cms_visible": true,
            "value": 78,
            "value_type": "my_value_type",
            "name": "Value with ID #78",
            "config": [],
            "position": 4
        },
        {
            "id": 12,
            "collection_id": 4,
            "visible": true,
            "is_dynamic": false,
            "cms_url": "/value/74/some/url",
            "cms_visible": true,
            "value": 74,
            "value_type": "my_value_type",
            "name": "Value with ID #74",
            "config": [],
            "position": 5
        }
    ],
    "overflow_items": []
}
