{
    "items": [
        {
            "id": 10,
            "collection_id": 4,
            "position": 2,
            "type": 0,
            "visible": true,
            "value": 72,
            "value_type": "my_value_type",
            "name": "Value with ID #72",
            "cms_visible": true,
            "cms_url": "/value/72/some/url"
        },
        {
            "id": 11,
            "collection_id": 4,
            "position": 3,
            "type": 0,
            "visible": true,
            "value": 73,
            "value_type": "my_value_type",
            "name": "Value with ID #73",
            "cms_visible": true,
            "cms_url": "/value/73/some/url"
        }
    ],
    "overflow_items": []
}
